Reading netlist file: "C:\Users\vegad\Desktop\fpga_ArtificialVision\Final Project\impl\gwsynthesis\fpga_artificialvision_project.vg"
Parsing netlist file "C:\Users\vegad\Desktop\fpga_ArtificialVision\Final Project\impl\gwsynthesis\fpga_artificialvision_project.vg" completed
Processing netlist completed
Reading constraint file: "C:\Users\vegad\Desktop\fpga_ArtificialVision\Final Project\src\pinout.cst"
Physical Constraint parsed completed
Running placement......
[10%] Placement Phase 0 completed
[20%] Placement Phase 1 completed
[30%] Placement Phase 2 completed
WARN  (TA1132) :  'lcd_clk_d' was determined to be a clock but was not created.
WARN  (TA1132) :  'lcd_hsync_Z' was determined to be a clock but was not created.
[50%] Placement Phase 3 completed
Running routing......
[60%] Routing Phase 0 completed
[70%] Routing Phase 1 completed
[80%] Routing Phase 2 completed
WARN  (PR1014) : Generic routing resource will be used to clock signal 'quartz_clk_d' by the specified constraint. And then it may lead to the excessive delay or skew
[90%] Routing Phase 3 completed
Running timing analysis......
[95%] Timing analysis completed
Placement and routing completed
Bitstream generation in progress......
Bitstream generation completed
Running power analysis......
[100%] Power analysis completed
Generate file "C:\Users\vegad\Desktop\fpga_ArtificialVision\Final Project\impl\pnr\fpga_artificialvision_project.power.html" completed
Generate file "C:\Users\vegad\Desktop\fpga_ArtificialVision\Final Project\impl\pnr\fpga_artificialvision_project.pin.html" completed
Generate file "C:\Users\vegad\Desktop\fpga_ArtificialVision\Final Project\impl\pnr\fpga_artificialvision_project.rpt.html" completed
Generate file "C:\Users\vegad\Desktop\fpga_ArtificialVision\Final Project\impl\pnr\fpga_artificialvision_project.rpt.txt" completed
Generate file "C:\Users\vegad\Desktop\fpga_ArtificialVision\Final Project\impl\pnr\fpga_artificialvision_project.tr.html" completed
Wed Jun  4 14:26:41 2025

